Archive member included to satisfy reference by file (symbol)

/usr/lib/gcc/arm-none-eabi/6.3.1/../../../../arm-none-eabi/lib/armv7e-m/softfp/libg_nano.a(lib_a-errno.o)
                              ./system/src/newlib/_sbrk.o (__errno)
/usr/lib/gcc/arm-none-eabi/6.3.1/../../../../arm-none-eabi/lib/armv7e-m/softfp/libg_nano.a(lib_a-impure.o)
                              /usr/lib/gcc/arm-none-eabi/6.3.1/../../../../arm-none-eabi/lib/armv7e-m/softfp/libg_nano.a(lib_a-errno.o) (_impure_ptr)
/usr/lib/gcc/arm-none-eabi/6.3.1/../../../../arm-none-eabi/lib/armv7e-m/softfp/libg_nano.a(lib_a-memcpy-stub.o)
                              ./Source/queue.o (memcpy)
/usr/lib/gcc/arm-none-eabi/6.3.1/../../../../arm-none-eabi/lib/armv7e-m/softfp/libg_nano.a(lib_a-memset.o)
                              ./Source/tasks.o (memset)
/usr/lib/gcc/arm-none-eabi/6.3.1/../../../../arm-none-eabi/lib/armv7e-m/softfp/libg_nano.a(lib_a-strlen.o)
                              ./system/src/diag/Trace.o (strlen)
/usr/lib/gcc/arm-none-eabi/6.3.1/../../../../arm-none-eabi/lib/armv7e-m/softfp/libg_nano.a(lib_a-vsnprintf.o)
                              ./system/src/diag/Trace.o (vsnprintf)
/usr/lib/gcc/arm-none-eabi/6.3.1/../../../../arm-none-eabi/lib/armv7e-m/softfp/libg_nano.a(lib_a-nano-svfprintf.o)
                              /usr/lib/gcc/arm-none-eabi/6.3.1/../../../../arm-none-eabi/lib/armv7e-m/softfp/libg_nano.a(lib_a-vsnprintf.o) (_svfprintf_r)
/usr/lib/gcc/arm-none-eabi/6.3.1/../../../../arm-none-eabi/lib/armv7e-m/softfp/libg_nano.a(lib_a-nano-vfprintf_i.o)
                              /usr/lib/gcc/arm-none-eabi/6.3.1/../../../../arm-none-eabi/lib/armv7e-m/softfp/libg_nano.a(lib_a-nano-svfprintf.o) (_printf_i)
/usr/lib/gcc/arm-none-eabi/6.3.1/../../../../arm-none-eabi/lib/armv7e-m/softfp/libg_nano.a(lib_a-memchr.o)
                              /usr/lib/gcc/arm-none-eabi/6.3.1/../../../../arm-none-eabi/lib/armv7e-m/softfp/libg_nano.a(lib_a-nano-svfprintf.o) (memchr)
/usr/lib/gcc/arm-none-eabi/6.3.1/../../../../arm-none-eabi/lib/armv7e-m/softfp/libg_nano.a(lib_a-memmove.o)
                              /usr/lib/gcc/arm-none-eabi/6.3.1/../../../../arm-none-eabi/lib/armv7e-m/softfp/libg_nano.a(lib_a-nano-svfprintf.o) (memmove)
/usr/lib/gcc/arm-none-eabi/6.3.1/../../../../arm-none-eabi/lib/armv7e-m/softfp/libg_nano.a(lib_a-nano-freer.o)
                              /usr/lib/gcc/arm-none-eabi/6.3.1/../../../../arm-none-eabi/lib/armv7e-m/softfp/libg_nano.a(lib_a-nano-svfprintf.o) (_free_r)
/usr/lib/gcc/arm-none-eabi/6.3.1/../../../../arm-none-eabi/lib/armv7e-m/softfp/libg_nano.a(lib_a-nano-mallocr.o)
                              /usr/lib/gcc/arm-none-eabi/6.3.1/../../../../arm-none-eabi/lib/armv7e-m/softfp/libg_nano.a(lib_a-nano-svfprintf.o) (_malloc_r)
/usr/lib/gcc/arm-none-eabi/6.3.1/../../../../arm-none-eabi/lib/armv7e-m/softfp/libg_nano.a(lib_a-nano-reallocr.o)
                              /usr/lib/gcc/arm-none-eabi/6.3.1/../../../../arm-none-eabi/lib/armv7e-m/softfp/libg_nano.a(lib_a-nano-svfprintf.o) (_realloc_r)
/usr/lib/gcc/arm-none-eabi/6.3.1/../../../../arm-none-eabi/lib/armv7e-m/softfp/libg_nano.a(lib_a-sbrkr.o)
                              /usr/lib/gcc/arm-none-eabi/6.3.1/../../../../arm-none-eabi/lib/armv7e-m/softfp/libg_nano.a(lib_a-nano-mallocr.o) (_sbrk_r)
/usr/lib/gcc/arm-none-eabi/6.3.1/../../../../arm-none-eabi/lib/armv7e-m/softfp/libg_nano.a(lib_a-mlock.o)
                              /usr/lib/gcc/arm-none-eabi/6.3.1/../../../../arm-none-eabi/lib/armv7e-m/softfp/libg_nano.a(lib_a-nano-freer.o) (__malloc_lock)
/usr/lib/gcc/arm-none-eabi/6.3.1/../../../../arm-none-eabi/lib/armv7e-m/softfp/libg_nano.a(lib_a-nano-msizer.o)
                              /usr/lib/gcc/arm-none-eabi/6.3.1/../../../../arm-none-eabi/lib/armv7e-m/softfp/libg_nano.a(lib_a-nano-reallocr.o) (_malloc_usable_size_r)

Allocating common symbols
Common symbol       size              file

errno               0x4               ./system/src/newlib/_syscalls.o
xQueueRegistry      0x40              ./Source/queue.o

Discarded input sections

 .group         0x0000000000000000        0x8 ./system/src/stm32f3-stdperiph/stm32f30x_gpio.o
 .group         0x0000000000000000        0x8 ./system/src/stm32f3-stdperiph/stm32f30x_gpio.o
 .group         0x0000000000000000        0x8 ./system/src/stm32f3-stdperiph/stm32f30x_gpio.o
 .group         0x0000000000000000        0x8 ./system/src/stm32f3-stdperiph/stm32f30x_gpio.o
 .group         0x0000000000000000        0x8 ./system/src/stm32f3-stdperiph/stm32f30x_gpio.o
 .group         0x0000000000000000        0x8 ./system/src/stm32f3-stdperiph/stm32f30x_gpio.o
 .group         0x0000000000000000        0x8 ./system/src/stm32f3-stdperiph/stm32f30x_gpio.o
 .group         0x0000000000000000        0x8 ./system/src/stm32f3-stdperiph/stm32f30x_gpio.o
 .group         0x0000000000000000        0x8 ./system/src/stm32f3-stdperiph/stm32f30x_gpio.o
[...]
Memory Configuration

Name             Origin             Length             Attributes
RAM              0x0000000020000000 0x000000000000a000 xrw
CCMRAM           0x0000000010000000 0x0000000000002000 xrw
FLASH            0x0000000008000000 0x0000000000040000 xr
FLASHB1          0x0000000000000000 0x0000000000000000 xr
EXTMEMB0         0x0000000000000000 0x0000000000000000 xr
EXTMEMB1         0x0000000000000000 0x0000000000000000 xr
EXTMEMB2         0x0000000000000000 0x0000000000000000 xr
EXTMEMB3         0x0000000000000000 0x0000000000000000 xr
MEMORY_ARRAY     0x0000000020002000 0x0000000000000000 xrw
*default*        0x0000000000000000 0xffffffffffffffff

Linker script and memory map

LOAD ./system/src/stm32f3-stdperiph/stm32f30x_gpio.o
LOAD ./system/src/stm32f3-stdperiph/stm32f30x_rcc.o
LOAD ./system/src/newlib/_cxx.o
LOAD ./system/src/newlib/_exit.o
LOAD ./system/src/newlib/_sbrk.o
LOAD ./system/src/newlib/_startup.o
LOAD ./system/src/newlib/_syscalls.o
LOAD ./system/src/newlib/assert.o
LOAD ./system/src/diag/Trace.o
LOAD ./system/src/diag/trace_impl.o
LOAD ./system/src/cortexm/_initialize_hardware.o
LOAD ./system/src/cortexm/_reset_hardware.o
LOAD ./system/src/cortexm/exception_handlers.o
LOAD ./system/src/cmsis/system_stm32f30x.o
LOAD ./system/src/cmsis/vectors_stm32f30x.o
LOAD ./src/_write.o
LOAD ./src/main.o
LOAD ./Source/portable/MemMang/heap_1.o
LOAD ./Source/portable/GCC/ARM_CM4F/port.o
LOAD ./Source/portable/Common/mpu_wrappers.o
LOAD ./Source/event_groups.o
LOAD ./Source/list.o
LOAD ./Source/queue.o
LOAD ./Source/tasks.o
LOAD ./Source/timers.o
LOAD /usr/lib/gcc/arm-none-eabi/6.3.1/../../../../arm-none-eabi/lib/armv7e-m/softfp/libstdc++_nano.a
LOAD /usr/lib/gcc/arm-none-eabi/6.3.1/../../../../arm-none-eabi/lib/armv7e-m/softfp/libm.a
START GROUP
LOAD /usr/lib/gcc/arm-none-eabi/6.3.1/armv7e-m/softfp/libgcc.a
LOAD /usr/lib/gcc/arm-none-eabi/6.3.1/../../../../arm-none-eabi/lib/armv7e-m/softfp/libg_nano.a
LOAD /usr/lib/gcc/arm-none-eabi/6.3.1/../../../../arm-none-eabi/lib/armv7e-m/softfp/libc_nano.a
END GROUP
START GROUP
LOAD /usr/lib/gcc/arm-none-eabi/6.3.1/armv7e-m/softfp/libgcc.a
LOAD /usr/lib/gcc/arm-none-eabi/6.3.1/../../../../arm-none-eabi/lib/armv7e-m/softfp/libc_nano.a
END GROUP
                0x000000002000a000                __stack = (ORIGIN (RAM) + LENGTH (RAM))
                0x000000002000a000                _estack = __stack
                0x0000000000000400                __Main_Stack_Size = 0x400
                [!provide]                        PROVIDE (_Main_Stack_Size, __Main_Stack_Size)
                0x0000000020009c00                __Main_Stack_Limit = (__stack - __Main_Stack_Size)
                [!provide]                        PROVIDE (_Main_Stack_Limit, __Main_Stack_Limit)
                0x0000000000000100                _Minimum_Stack_Size = 0x100
                0x0000000020003eb8                PROVIDE (_Heap_Begin, _end_noinit)
                0x0000000020009c00                PROVIDE (_Heap_Limit, (__stack - __Main_Stack_Size))

.isr_vector     0x0000000008000000      0x3e8
 FILL mask 0xff
                0x0000000008000000                __vectors_start = ABSOLUTE (.)
                0x0000000008000000                __vectors_start__ = ABSOLUTE (.)
 *(.isr_vector)
 .isr_vector    0x0000000008000000      0x188 ./system/src/cmsis/vectors_stm32f30x.o
                0x0000000008000000                __isr_vectors
 *(.cfmconfig)
 *(.after_vectors .after_vectors.*)
 .after_vectors
                0x0000000008000188      0x130 ./system/src/newlib/_startup.o
                0x0000000008000188                _start
 .after_vectors
                0x00000000080002b8      0x12c ./system/src/cortexm/exception_handlers.o
                0x00000000080002b8                Reset_Handler
                0x00000000080002be                NMI_Handler
                0x00000000080002c2                HardFault_Handler
                0x00000000080002d6                HardFault_Handler_C
                0x0000000008000334                MemManage_Handler
                0x0000000008000338                BusFault_Handler
                0x000000000800034c                BusFault_Handler_C
                0x0000000008000380                UsageFault_Handler
                0x0000000008000394                UsageFault_Handler_C
                0x00000000080003cc                DebugMon_Handler
 .after_vectors
                0x00000000080003e4        0x4 ./system/src/cmsis/vectors_stm32f30x.o
                0x00000000080003e4                RTC_Alarm_IRQHandler
                0x00000000080003e4                TIM8_TRG_COM_IRQHandler
                0x00000000080003e4                TIM8_CC_IRQHandler
                0x00000000080003e4                TIM1_CC_IRQHandler
                0x00000000080003e4                USB_HP_IRQHandler
                0x00000000080003e4                PVD_IRQHandler
                0x00000000080003e4                EXTI3_IRQHandler
                0x00000000080003e4                EXTI0_IRQHandler
                0x00000000080003e4                I2C2_EV_IRQHandler
                0x00000000080003e4                FPU_IRQHandler
                0x00000000080003e4                EXTI2_TS_IRQHandler
                0x00000000080003e4                TIM1_UP_TIM16_IRQHandler
                0x00000000080003e4                ADC1_2_IRQHandler
                0x00000000080003e4                SPI1_IRQHandler
                0x00000000080003e4                TIM6_DAC_IRQHandler
                0x00000000080003e4                TIM8_UP_IRQHandler
                0x00000000080003e4                DMA2_Channel2_IRQHandler
                0x00000000080003e4                DMA1_Channel4_IRQHandler
                0x00000000080003e4                USART3_IRQHandler
                0x00000000080003e4                DMA1_Channel7_IRQHandler
                0x00000000080003e4                CAN1_RX1_IRQHandler
                0x00000000080003e4                UART5_IRQHandler
                0x00000000080003e4                ADC3_IRQHandler
                0x00000000080003e4                TIM4_IRQHandler
                0x00000000080003e4                DMA2_Channel1_IRQHandler
                0x00000000080003e4                I2C1_EV_IRQHandler
                0x00000000080003e4                DMA1_Channel6_IRQHandler
                0x00000000080003e4                UART4_IRQHandler
                0x00000000080003e4                DMA2_Channel4_IRQHandler
                0x00000000080003e4                TIM3_IRQHandler
                0x00000000080003e4                RCC_IRQHandler
                0x00000000080003e4                DMA1_Channel1_IRQHandler
                0x00000000080003e4                Default_Handler
                0x00000000080003e4                USBWakeUp_RMP_IRQHandler
                0x00000000080003e4                EXTI15_10_IRQHandler
                0x00000000080003e4                TIM7_IRQHandler
                0x00000000080003e4                EXTI9_5_IRQHandler
                0x00000000080003e4                TAMPER_STAMP_IRQHandler
                0x00000000080003e4                RTC_WKUP_IRQHandler
                0x00000000080003e4                SPI2_IRQHandler
                0x00000000080003e4                DMA2_Channel5_IRQHandler
                0x00000000080003e4                DMA1_Channel5_IRQHandler
                0x00000000080003e4                USB_LP_IRQHandler
                0x00000000080003e4                EXTI4_IRQHandler
                0x00000000080003e4                USB_LP_CAN1_RX0_IRQHandler
                0x00000000080003e4                TIM1_TRG_COM_TIM17_IRQHandler
                0x00000000080003e4                USB_HP_CAN1_TX_IRQHandler
                0x00000000080003e4                DMA1_Channel3_IRQHandler
                0x00000000080003e4                ADC4_IRQHandler
                0x00000000080003e4                WWDG_IRQHandler
                0x00000000080003e4                TIM2_IRQHandler
                0x00000000080003e4                COMP7_IRQHandler
                0x00000000080003e4                COMP1_2_3_IRQHandler
                0x00000000080003e4                EXTI1_IRQHandler
                0x00000000080003e4                USART2_IRQHandler
                0x00000000080003e4                COMP4_5_6_IRQHandler
                0x00000000080003e4                I2C2_ER_IRQHandler
                0x00000000080003e4                DMA1_Channel2_IRQHandler
                0x00000000080003e4                TIM8_BRK_IRQHandler
                0x00000000080003e4                CAN1_SCE_IRQHandler
                0x00000000080003e4                FLASH_IRQHandler
                0x00000000080003e4                USART1_IRQHandler
                0x00000000080003e4                SPI3_IRQHandler
                0x00000000080003e4                I2C1_ER_IRQHandler
                0x00000000080003e4                USBWakeUp_IRQHandler
                0x00000000080003e4                DMA2_Channel3_IRQHandler
                0x00000000080003e4                TIM1_BRK_TIM15_IRQHandler

.inits          0x00000000080003e8       0x28
                0x00000000080003e8                __data_regions_array_start = .
                0x00000000080003e8        0x4 LONG 0x8002d08 LOADADDR (.data)
                0x00000000080003ec        0x4 LONG 0x20000000 ADDR (.data)
                0x00000000080003f0        0x4 LONG 0x2000008c (ADDR (.data) + SIZEOF (.data))
                0x00000000080003f4        0x4 LONG 0x8002d08 LOADADDR (.data_CCMRAM)
                0x00000000080003f8        0x4 LONG 0x10000000 ADDR (.data_CCMRAM)
                0x00000000080003fc        0x4 LONG 0x10000000 (ADDR (.data_CCMRAM) + SIZEOF (.data_CCMRAM))
                0x0000000008000400                __data_regions_array_end = .
                0x0000000008000400                __bss_regions_array_start = .
                0x0000000008000400        0x4 LONG 0x2000008c ADDR (.bss)
                0x0000000008000404        0x4 LONG 0x20003eb8 (ADDR (.bss) + SIZEOF (.bss))
                0x0000000008000408        0x4 LONG 0x10000000 ADDR (.bss_CCMRAM)
                0x000000000800040c        0x4 LONG 0x10000000 (ADDR (.bss_CCMRAM) + SIZEOF (.bss_CCMRAM))
                0x0000000008000410                __bss_regions_array_end = .
 *(.init)
 *(.fini)
                0x0000000008000410                . = ALIGN (0x4)
                0x0000000008000410                PROVIDE (__preinit_array_start, .)
 *(.preinit_array_sysinit .preinit_array_sysinit.*)
 *(.preinit_array_platform .preinit_array_platform.*)
 *(.preinit_array .preinit_array.*)
                0x0000000008000410                PROVIDE (__preinit_array_end, .)
                0x0000000008000410                . = ALIGN (0x4)
                0x0000000008000410                PROVIDE (__init_array_start, .)
 *(SORT(.init_array.*))
 *(.init_array)
                0x0000000008000410                PROVIDE (__init_array_end, .)
                0x0000000008000410                . = ALIGN (0x4)
                0x0000000008000410                PROVIDE (__fini_array_start, .)
 *(SORT(.fini_array.*))
 *(.fini_array)
                0x0000000008000410                PROVIDE (__fini_array_end, .)

.flashtext
 *(.flashtext .flashtext.*)

.text           0x0000000008000410     0x28f7
 *(.text .text.*)
 .text._exit    0x0000000008000410        0x2 ./system/src/newlib/_exit.o
                0x0000000008000410                _exit
 *fill*         0x0000000008000412        0x2 
 .text._sbrk    0x0000000008000414       0x44 ./system/src/newlib/_sbrk.o
                0x0000000008000414                _sbrk
 .text.__initialize_args
                0x0000000008000458       0x10 ./system/src/newlib/_syscalls.o
                0x0000000008000458                __initialize_args
 .text.trace_printf
                0x0000000008000468       0x30 ./system/src/diag/Trace.o
                0x0000000008000468                trace_printf
 .text._trace_write_semihosting_debug
                0x0000000008000498       0x60 ./system/src/diag/trace_impl.o
 .text.trace_write
                0x00000000080004f8        0x8 ./system/src/diag/trace_impl.o
                0x00000000080004f8                trace_write
 .text.__initialize_hardware_early
                0x0000000008000500       0x24 ./system/src/cortexm/_initialize_hardware.o
                0x0000000008000500                __initialize_hardware_early
 .text.__initialize_hardware
                0x0000000008000524        0x8 ./system/src/cortexm/_initialize_hardware.o
                0x0000000008000524                __initialize_hardware
 .text.dumpExceptionStack
                0x000000000800052c       0xf4 ./system/src/cortexm/exception_handlers.o
                0x000000000800052c                dumpExceptionStack
 .text.isSemihosting
                0x0000000008000620       0x20 ./system/src/cortexm/exception_handlers.o
                0x0000000008000620                isSemihosting
 .text.SetSysClock
                0x0000000008000640       0xb0 ./system/src/cmsis/system_stm32f30x.o
 .text.SystemInit
                0x00000000080006f0       0x70 ./system/src/cmsis/system_stm32f30x.o
                0x00000000080006f0                SystemInit
 .text.SystemCoreClockUpdate
                0x0000000008000760       0x8c ./system/src/cmsis/system_stm32f30x.o
                0x0000000008000760                SystemCoreClockUpdate
 .text.prvSetupHardware
                0x00000000080007ec        0x8 ./src/main.o
 .text.vApplicationTaskTest
                0x00000000080007f4       0x10 ./src/main.o
                0x00000000080007f4                vApplicationTaskTest
 .text.main     0x0000000008000804       0x2c ./src/main.o
                0x0000000008000804                main
 .text.vApplicationTickHook
                0x0000000008000830       0x10 ./src/main.o
                0x0000000008000830                vApplicationTickHook
 .text.vApplicationIdleHook
                0x0000000008000840       0x10 ./src/main.o
                0x0000000008000840                vApplicationIdleHook
 .text.vApplicationMallocFailedHook
                0x0000000008000850       0x10 ./src/main.o
                0x0000000008000850                vApplicationMallocFailedHook
 .text.vApplicationStackOverflowHook
                0x0000000008000860        0x2 ./src/main.o
                0x0000000008000860                vApplicationStackOverflowHook
 *fill*         0x0000000008000862        0x2 
 .text.pvPortMalloc
                0x0000000008000864       0x68 ./Source/portable/MemMang/heap_1.o
                0x0000000008000864                pvPortMalloc
 .text.vPortFree
                0x00000000080008cc       0x16 ./Source/portable/MemMang/heap_1.o
                0x00000000080008cc                vPortFree
 *fill*         0x00000000080008e2        0x2 
 .text.prvTaskExitError
                0x00000000080008e4       0x34 ./Source/portable/GCC/ARM_CM4F/port.o
 .text.prvPortStartFirstTask
                0x0000000008000918       0x20 ./Source/portable/GCC/ARM_CM4F/port.o
 .text.vPortEnableVFP
                0x0000000008000938       0x14 ./Source/portable/GCC/ARM_CM4F/port.o
 .text.pxPortInitialiseStack
                0x000000000800094c       0x2c ./Source/portable/GCC/ARM_CM4F/port.o
                0x000000000800094c                pxPortInitialiseStack
 *fill*         0x0000000008000978        0x8 
 .text.SVC_Handler
                0x0000000008000980       0x24 ./Source/portable/GCC/ARM_CM4F/port.o
                0x0000000008000980                SVC_Handler
 .text.vPortEnterCritical
                0x00000000080009a4       0x44 ./Source/portable/GCC/ARM_CM4F/port.o
                0x00000000080009a4                vPortEnterCritical
 .text.vPortExitCritical
                0x00000000080009e8       0x2c ./Source/portable/GCC/ARM_CM4F/port.o
                0x00000000080009e8                vPortExitCritical
 *fill*         0x0000000008000a14        0xc 
 .text.PendSV_Handler
                0x0000000008000a20       0x64 ./Source/portable/GCC/ARM_CM4F/port.o
                0x0000000008000a20                PendSV_Handler
 .text.SysTick_Handler
                0x0000000008000a84       0x2c ./Source/portable/GCC/ARM_CM4F/port.o
                0x0000000008000a84                SysTick_Handler
 .text.vPortSetupTimerInterrupt
                0x0000000008000ab0       0x2c ./Source/portable/GCC/ARM_CM4F/port.o
                0x0000000008000ab0                vPortSetupTimerInterrupt
 .text.xPortStartScheduler
                0x0000000008000adc       0xec ./Source/portable/GCC/ARM_CM4F/port.o
                0x0000000008000adc                xPortStartScheduler
 .text.vPortValidateInterruptPriority
                0x0000000008000bc8       0x5c ./Source/portable/GCC/ARM_CM4F/port.o
                0x0000000008000bc8                vPortValidateInterruptPriority
 .text.vListInitialise
                0x0000000008000c24       0x16 ./Source/list.o
                0x0000000008000c24                vListInitialise
 .text.vListInitialiseItem
                0x0000000008000c3a        0x6 ./Source/list.o
                0x0000000008000c3a                vListInitialiseItem
 .text.vListInsertEnd
                0x0000000008000c40       0x18 ./Source/list.o
                0x0000000008000c40                vListInsertEnd
 .text.vListInsert
                0x0000000008000c58       0x34 ./Source/list.o
                0x0000000008000c58                vListInsert
 .text.uxListRemove
                0x0000000008000c8c       0x26 ./Source/list.o
                0x0000000008000c8c                uxListRemove
 .text.prvIsQueueFull
                0x0000000008000cb2       0x1e ./Source/queue.o
 .text.prvIsQueueEmpty
                0x0000000008000cd0       0x1a ./Source/queue.o
 .text.prvCopyDataToQueue
                0x0000000008000cea       0x76 ./Source/queue.o
 .text.prvCopyDataFromQueue
                0x0000000008000d60       0x24 ./Source/queue.o
 .text.prvUnlockQueue
                0x0000000008000d84       0x6e ./Source/queue.o
 *fill*         0x0000000008000df2        0x2 
 .text.xQueueGenericReset
                0x0000000008000df4       0x80 ./Source/queue.o
                0x0000000008000df4                xQueueGenericReset
 .text.prvInitialiseNewQueue
                0x0000000008000e74       0x22 ./Source/queue.o
 .text.xQueueGenericCreate
                0x0000000008000e96       0x48 ./Source/queue.o
                0x0000000008000e96                xQueueGenericCreate
 *fill*         0x0000000008000ede        0x2 
 .text.xQueueGenericSend
                0x0000000008000ee0      0x188 ./Source/queue.o
                0x0000000008000ee0                xQueueGenericSend
 .text.xQueueGenericSendFromISR
                0x0000000008001068       0xde ./Source/queue.o
                0x0000000008001068                xQueueGenericSendFromISR
 *fill*         0x0000000008001146        0x2 
 .text.xQueueGenericReceive
                0x0000000008001148      0x1b0 ./Source/queue.o
                0x0000000008001148                xQueueGenericReceive
 .text.vQueueAddToRegistry
                0x00000000080012f8       0x28 ./Source/queue.o
                0x00000000080012f8                vQueueAddToRegistry
 .text.vQueueWaitForMessageRestricted
                0x0000000008001320       0x52 ./Source/queue.o
                0x0000000008001320                vQueueWaitForMessageRestricted
 *fill*         0x0000000008001372        0x2 
 .text.prvResetNextTaskUnblockTime
                0x0000000008001374       0x34 ./Source/tasks.o
 .text.prvDeleteTCB
                0x00000000080013a8       0x12 ./Source/tasks.o
 .text.prvInitialiseNewTask
                0x00000000080013ba       0x90 ./Source/tasks.o
 *fill*         0x000000000800144a        0x2 
 .text.prvInitialiseTaskLists
                0x000000000800144c       0x68 ./Source/tasks.o
 .text.prvAddNewTaskToReadyList
                0x00000000080014b4       0xac ./Source/tasks.o
 .text.prvAddCurrentTaskToDelayedList
                0x0000000008001560       0x98 ./Source/tasks.o
 .text.xTaskCreate
                0x00000000080015f8       0x62 ./Source/tasks.o
                0x00000000080015f8                xTaskCreate
 *fill*         0x000000000800165a        0x2 
 .text.vTaskStartScheduler
                0x000000000800165c       0x88 ./Source/tasks.o
                0x000000000800165c                vTaskStartScheduler
 .text.vTaskSuspendAll
                0x00000000080016e4       0x10 ./Source/tasks.o
                0x00000000080016e4                vTaskSuspendAll
 .text.xTaskGetTickCount
                0x00000000080016f4        0xc ./Source/tasks.o
                0x00000000080016f4                xTaskGetTickCount
 .text.xTaskIncrementTick
                0x0000000008001700      0x12c ./Source/tasks.o
                0x0000000008001700                xTaskIncrementTick
 .text.xTaskResumeAll
                0x000000000800182c       0xfc ./Source/tasks.o
                0x000000000800182c                xTaskResumeAll
 .text.prvCheckTasksWaitingTermination
                0x0000000008001928       0x5c ./Source/tasks.o
 .text.prvIdleTask
                0x0000000008001984       0x30 ./Source/tasks.o
 .text.vTaskSwitchContext
                0x00000000080019b4       0xcc ./Source/tasks.o
                0x00000000080019b4                vTaskSwitchContext
 .text.vTaskPlaceOnEventList
                0x0000000008001a80       0x30 ./Source/tasks.o
                0x0000000008001a80                vTaskPlaceOnEventList
 .text.vTaskPlaceOnEventListRestricted
                0x0000000008001ab0       0x38 ./Source/tasks.o
                0x0000000008001ab0                vTaskPlaceOnEventListRestricted
 .text.xTaskRemoveFromEventList
                0x0000000008001ae8       0x8c ./Source/tasks.o
                0x0000000008001ae8                xTaskRemoveFromEventList
 .text.vTaskSetTimeOutState
                0x0000000008001b74       0x2c ./Source/tasks.o
                0x0000000008001b74                vTaskSetTimeOutState
 .text.xTaskCheckForTimeOut
                0x0000000008001ba0       0x80 ./Source/tasks.o
                0x0000000008001ba0                xTaskCheckForTimeOut
 .text.vTaskMissedYield
                0x0000000008001c20        0xc ./Source/tasks.o
                0x0000000008001c20                vTaskMissedYield
 .text.xTaskGetSchedulerState
                0x0000000008001c2c       0x20 ./Source/tasks.o
                0x0000000008001c2c                xTaskGetSchedulerState
 .text.vTaskPriorityInherit
                0x0000000008001c4c       0xa4 ./Source/tasks.o
                0x0000000008001c4c                vTaskPriorityInherit
 .text.xTaskPriorityDisinherit
                0x0000000008001cf0       0xb4 ./Source/tasks.o
                0x0000000008001cf0                xTaskPriorityDisinherit
 .text.pvTaskIncrementMutexHeldCount
                0x0000000008001da4       0x1c ./Source/tasks.o
                0x0000000008001da4                pvTaskIncrementMutexHeldCount
 .text.prvGetNextExpireTime
                0x0000000008001dc0       0x20 ./Source/timers.o
 .text.prvInsertTimerInActiveList
                0x0000000008001de0       0x48 ./Source/timers.o
 .text.prvCheckForValidListAndQueue
                0x0000000008001e28       0x5c ./Source/timers.o
 .text.xTimerCreateTimerTask
                0x0000000008001e84       0x54 ./Source/timers.o
                0x0000000008001e84                xTimerCreateTimerTask
 .text.xTimerGenericCommand
                0x0000000008001ed8       0x6c ./Source/timers.o
                0x0000000008001ed8                xTimerGenericCommand
 .text.prvSwitchTimerLists
                0x0000000008001f44       0x78 ./Source/timers.o
 .text.prvSampleTimeNow
                0x0000000008001fbc       0x2c ./Source/timers.o
 .text.prvProcessExpiredTimer
                0x0000000008001fe8       0x60 ./Source/timers.o
 .text.prvProcessTimerOrBlockTask
                0x0000000008002048       0x74 ./Source/timers.o
 .text.prvProcessReceivedCommands
                0x00000000080020bc       0xe4 ./Source/timers.o
 .text.prvTimerTask
                0x00000000080021a0       0x16 ./Source/timers.o
 *fill*         0x00000000080021b6        0x2 
 .text.__errno  0x00000000080021b8        0xc /usr/lib/gcc/arm-none-eabi/6.3.1/../../../../arm-none-eabi/lib/armv7e-m/softfp/libg_nano.a(lib_a-errno.o)
                0x00000000080021b8                __errno
 .text.memcpy   0x00000000080021c4       0x16 /usr/lib/gcc/arm-none-eabi/6.3.1/../../../../arm-none-eabi/lib/armv7e-m/softfp/libg_nano.a(lib_a-memcpy-stub.o)
                0x00000000080021c4                memcpy
 .text.memset   0x00000000080021da       0x10 /usr/lib/gcc/arm-none-eabi/6.3.1/../../../../arm-none-eabi/lib/armv7e-m/softfp/libg_nano.a(lib_a-memset.o)
                0x00000000080021da                memset
 .text._vsnprintf_r
                0x00000000080021ea       0x58 /usr/lib/gcc/arm-none-eabi/6.3.1/../../../../arm-none-eabi/lib/armv7e-m/softfp/libg_nano.a(lib_a-vsnprintf.o)
                0x00000000080021ea                _vsnprintf_r
                0x00000000080021ea                _vsniprintf_r
 *fill*         0x0000000008002242        0x2 
 .text.vsnprintf
                0x0000000008002244       0x1c /usr/lib/gcc/arm-none-eabi/6.3.1/../../../../arm-none-eabi/lib/armv7e-m/softfp/libg_nano.a(lib_a-vsnprintf.o)
                0x0000000008002244                vsnprintf
                0x0000000008002244                vsniprintf
 .text.__ssputs_r
                0x0000000008002260       0xb6 /usr/lib/gcc/arm-none-eabi/6.3.1/../../../../arm-none-eabi/lib/armv7e-m/softfp/libg_nano.a(lib_a-nano-svfprintf.o)
                0x0000000008002260                __ssputs_r
 *fill*         0x0000000008002316        0x2 
 .text._svfprintf_r
                0x0000000008002318      0x1e8 /usr/lib/gcc/arm-none-eabi/6.3.1/../../../../arm-none-eabi/lib/armv7e-m/softfp/libg_nano.a(lib_a-nano-svfprintf.o)
                0x0000000008002318                _svfprintf_r
                0x0000000008002318                _svfiprintf_r
 .text._printf_common
                0x0000000008002500       0xec /usr/lib/gcc/arm-none-eabi/6.3.1/../../../../arm-none-eabi/lib/armv7e-m/softfp/libg_nano.a(lib_a-nano-vfprintf_i.o)
                0x0000000008002500                _printf_common
 .text._printf_i
                0x00000000080025ec      0x240 /usr/lib/gcc/arm-none-eabi/6.3.1/../../../../arm-none-eabi/lib/armv7e-m/softfp/libg_nano.a(lib_a-nano-vfprintf_i.o)
                0x00000000080025ec                _printf_i
 *fill*         0x000000000800282c        0x4 
 .text          0x0000000008002830       0xa0 /usr/lib/gcc/arm-none-eabi/6.3.1/../../../../arm-none-eabi/lib/armv7e-m/softfp/libg_nano.a(lib_a-memchr.o)
                0x0000000008002830                memchr
 .text.memmove  0x00000000080028d0       0x34 /usr/lib/gcc/arm-none-eabi/6.3.1/../../../../arm-none-eabi/lib/armv7e-m/softfp/libg_nano.a(lib_a-memmove.o)
                0x00000000080028d0                memmove
 .text._free_r  0x0000000008002904       0x9c /usr/lib/gcc/arm-none-eabi/6.3.1/../../../../arm-none-eabi/lib/armv7e-m/softfp/libg_nano.a(lib_a-nano-freer.o)
                0x0000000008002904                _free_r
 .text._malloc_r
                0x00000000080029a0       0xbc /usr/lib/gcc/arm-none-eabi/6.3.1/../../../../arm-none-eabi/lib/armv7e-m/softfp/libg_nano.a(lib_a-nano-mallocr.o)
                0x00000000080029a0                _malloc_r
 .text._realloc_r
                0x0000000008002a5c       0x4c /usr/lib/gcc/arm-none-eabi/6.3.1/../../../../arm-none-eabi/lib/armv7e-m/softfp/libg_nano.a(lib_a-nano-reallocr.o)
                0x0000000008002a5c                _realloc_r
 .text._sbrk_r  0x0000000008002aa8       0x20 /usr/lib/gcc/arm-none-eabi/6.3.1/../../../../arm-none-eabi/lib/armv7e-m/softfp/libg_nano.a(lib_a-sbrkr.o)
                0x0000000008002aa8                _sbrk_r
 .text.__malloc_lock
                0x0000000008002ac8        0x2 /usr/lib/gcc/arm-none-eabi/6.3.1/../../../../arm-none-eabi/lib/armv7e-m/softfp/libg_nano.a(lib_a-mlock.o)
                0x0000000008002ac8                __malloc_lock
 .text.__malloc_unlock
                0x0000000008002aca        0x2 /usr/lib/gcc/arm-none-eabi/6.3.1/../../../../arm-none-eabi/lib/armv7e-m/softfp/libg_nano.a(lib_a-mlock.o)
                0x0000000008002aca                __malloc_unlock
 .text._malloc_usable_size_r
                0x0000000008002acc       0x12 /usr/lib/gcc/arm-none-eabi/6.3.1/../../../../arm-none-eabi/lib/armv7e-m/softfp/libg_nano.a(lib_a-nano-msizer.o)
                0x0000000008002acc                _malloc_usable_size_r
 *(.rodata .rodata.* .constdata .constdata.*)
 *fill*         0x0000000008002ade        0x2 
 .rodata.dumpExceptionStack.str1.4
                0x0000000008002ae0      0x11a ./system/src/cortexm/exception_handlers.o
 *fill*         0x0000000008002bfa        0x2 
 .rodata.str1.4
                0x0000000008002bfc       0x2a ./system/src/cortexm/exception_handlers.o
 *fill*         0x0000000008002c26        0x2 
 .rodata.main.str1.4
                0x0000000008002c28        0x9 ./src/main.o
 *fill*         0x0000000008002c31        0x3 
 .rodata.vApplicationIdleHook.str1.4
                0x0000000008002c34       0x1e ./src/main.o
 *fill*         0x0000000008002c52        0x2 
 .rodata.vApplicationMallocFailedHook.str1.4
                0x0000000008002c54       0x26 ./src/main.o
 *fill*         0x0000000008002c7a        0x2 
 .rodata.vApplicationTaskTest.str1.4
                0x0000000008002c7c       0x1e ./src/main.o
 *fill*         0x0000000008002c9a        0x2 
 .rodata.vApplicationTickHook.str1.4
                0x0000000008002c9c       0x1e ./src/main.o
 *fill*         0x0000000008002cba        0x2 
 .rodata.vTaskStartScheduler.str1.4
                0x0000000008002cbc        0x5 ./Source/tasks.o
 *fill*         0x0000000008002cc1        0x3 
 .rodata.prvCheckForValidListAndQueue.str1.4
                0x0000000008002cc4        0x5 ./Source/timers.o
 *fill*         0x0000000008002cc9        0x3 
 .rodata.xTimerCreateTimerTask.str1.4
                0x0000000008002ccc        0x8 ./Source/timers.o
 .rodata._svfprintf_r.str1.1
                0x0000000008002cd4       0x11 /usr/lib/gcc/arm-none-eabi/6.3.1/../../../../arm-none-eabi/lib/armv7e-m/softfp/libg_nano.a(lib_a-nano-svfprintf.o)
 .rodata._printf_i.str1.1
                0x0000000008002ce5       0x22 /usr/lib/gcc/arm-none-eabi/6.3.1/../../../../arm-none-eabi/lib/armv7e-m/softfp/libg_nano.a(lib_a-nano-vfprintf_i.o)
 *(vtable)
 *(.eh_frame*)
 *(.glue_7)
 .glue_7        0x0000000008002d07        0x0 linker stubs
 *(.glue_7t)
 .glue_7t       0x0000000008002d07        0x0 linker stubs

.vfp11_veneer   0x0000000008002d08        0x0
 .vfp11_veneer  0x0000000008002d08        0x0 linker stubs

.v4_bx          0x0000000008002d08        0x0
 .v4_bx         0x0000000008002d08        0x0 linker stubs

.iplt           0x0000000008002d08        0x0
 .iplt          0x0000000008002d08        0x0 ./system/src/stm32f3-stdperiph/stm32f30x_gpio.o

.rel.dyn        0x0000000008002d08        0x0
 .rel.iplt      0x0000000008002d08        0x0 ./system/src/stm32f3-stdperiph/stm32f30x_gpio.o

.ARM.extab
 *(.ARM.extab* .gnu.linkonce.armextab.*)
                0x0000000008002d08                . = ALIGN (0x4)
                0x0000000008002d08                __exidx_start = .

.ARM.exidx
 *(.ARM.exidx* .gnu.linkonce.armexidx.*)
                0x0000000008002d08                __exidx_end = .
                0x0000000008002d08                . = ALIGN (0x4)
                0x0000000008002d08                _etext = .
                0x0000000008002d08                __etext = .

.data_CCMRAM    0x0000000010000000        0x0 load address 0x0000000008002d08
 FILL mask 0xff
 *(.data.CCMRAM .data.CCMRAM.*)
                0x0000000010000000                . = ALIGN (0x4)
                0x0000000008002d08                _sidata = LOADADDR (.data)

.data           0x0000000020000000       0x8c load address 0x0000000008002d08
 FILL mask 0xff
                0x0000000020000000                _sdata = .
                0x0000000020000000                __data_start__ = .
 *(.data_begin .data_begin.*)
 .data_begin    0x0000000020000000        0x4 ./system/src/newlib/_startup.o
 *(.data .data.*)
 .data.argv.5342
                0x0000000020000004        0x8 ./system/src/newlib/_syscalls.o
 .data.AHBPrescTable
                0x000000002000000c       0x10 ./system/src/cmsis/system_stm32f30x.o
                0x000000002000000c                AHBPrescTable
 .data.SystemCoreClock
                0x000000002000001c        0x4 ./system/src/cmsis/system_stm32f30x.o
                0x000000002000001c                SystemCoreClock
 .data.uxCriticalNesting
                0x0000000020000020        0x4 ./Source/portable/GCC/ARM_CM4F/port.o
 .data._impure_ptr
                0x0000000020000024        0x4 /usr/lib/gcc/arm-none-eabi/6.3.1/../../../../arm-none-eabi/lib/armv7e-m/softfp/libg_nano.a(lib_a-impure.o)
                0x0000000020000024                _impure_ptr
 .data.impure_data
                0x0000000020000028       0x60 /usr/lib/gcc/arm-none-eabi/6.3.1/../../../../arm-none-eabi/lib/armv7e-m/softfp/libg_nano.a(lib_a-impure.o)
 *(.data_end .data_end.*)
 .data_end      0x0000000020000088        0x4 ./system/src/newlib/_startup.o
                0x000000002000008c                . = ALIGN (0x4)
                0x000000002000008c                _edata = .
                0x000000002000008c                __data_end__ = .

.igot.plt       0x000000002000008c        0x0 load address 0x0000000008002d94
 .igot.plt      0x000000002000008c        0x0 ./system/src/stm32f3-stdperiph/stm32f30x_gpio.o

.bss_CCMRAM     0x0000000010000000        0x0
 *(.bss.CCMRAM .bss.CCMRAM.*)

.bss            0x000000002000008c     0x3e2c
                0x000000002000008c                __bss_start__ = .
                0x000000002000008c                _sbss = .
 *(.bss_begin .bss_begin.*)
 .bss_begin     0x000000002000008c        0x4 ./system/src/newlib/_startup.o
 *(.bss .bss.*)
 .bss.current_heap_end.5026
                0x0000000020000090        0x4 ./system/src/newlib/_sbrk.o
 .bss.name.5341
                0x0000000020000094        0x1 ./system/src/newlib/_syscalls.o
 *fill*         0x0000000020000095        0x3 
 .bss.buf.6231  0x0000000020000098       0x80 ./system/src/diag/Trace.o
 .bss.pucAlignedHeap.5719
                0x0000000020000118        0x4 ./Source/portable/MemMang/heap_1.o
 .bss.ucHeap    0x000000002000011c     0x3c00 ./Source/portable/MemMang/heap_1.o
 .bss.xNextFreeByte
                0x0000000020003d1c        0x4 ./Source/portable/MemMang/heap_1.o
 .bss.ucMaxSysCallPriority
                0x0000000020003d20        0x1 ./Source/portable/GCC/ARM_CM4F/port.o
 *fill*         0x0000000020003d21        0x3 
 .bss.ulMaxPRIGROUPValue
                0x0000000020003d24        0x4 ./Source/portable/GCC/ARM_CM4F/port.o
 .bss.pxCurrentTCB
                0x0000000020003d28        0x4 ./Source/tasks.o
                0x0000000020003d28                pxCurrentTCB
 .bss.pxDelayedTaskList
                0x0000000020003d2c        0x4 ./Source/tasks.o
 .bss.pxOverflowDelayedTaskList
                0x0000000020003d30        0x4 ./Source/tasks.o
 .bss.pxReadyTasksLists
                0x0000000020003d34       0x64 ./Source/tasks.o
 .bss.uxCurrentNumberOfTasks
                0x0000000020003d98        0x4 ./Source/tasks.o
 .bss.uxDeletedTasksWaitingCleanUp
                0x0000000020003d9c        0x4 ./Source/tasks.o
 .bss.uxPendedTicks
                0x0000000020003da0        0x4 ./Source/tasks.o
 .bss.uxSchedulerSuspended
                0x0000000020003da4        0x4 ./Source/tasks.o
 .bss.uxTaskNumber
                0x0000000020003da8        0x4 ./Source/tasks.o
 .bss.uxTopReadyPriority
                0x0000000020003dac        0x4 ./Source/tasks.o
 .bss.xDelayedTaskList1
                0x0000000020003db0       0x14 ./Source/tasks.o
 .bss.xDelayedTaskList2
                0x0000000020003dc4       0x14 ./Source/tasks.o
 .bss.xIdleTaskHandle
                0x0000000020003dd8        0x4 ./Source/tasks.o
 .bss.xNextTaskUnblockTime
                0x0000000020003ddc        0x4 ./Source/tasks.o
 .bss.xNumOfOverflows
                0x0000000020003de0        0x4 ./Source/tasks.o
 .bss.xPendingReadyList
                0x0000000020003de4       0x14 ./Source/tasks.o
 .bss.xSchedulerRunning
                0x0000000020003df8        0x4 ./Source/tasks.o
 .bss.xSuspendedTaskList
                0x0000000020003dfc       0x14 ./Source/tasks.o
 .bss.xTasksWaitingTermination
                0x0000000020003e10       0x14 ./Source/tasks.o
 .bss.xTickCount
                0x0000000020003e24        0x4 ./Source/tasks.o
 .bss.xYieldPending
                0x0000000020003e28        0x4 ./Source/tasks.o
 .bss.pxCurrentTimerList
                0x0000000020003e2c        0x4 ./Source/timers.o
 .bss.pxOverflowTimerList
                0x0000000020003e30        0x4 ./Source/timers.o
 .bss.xActiveTimerList1
                0x0000000020003e34       0x14 ./Source/timers.o
 .bss.xActiveTimerList2
                0x0000000020003e48       0x14 ./Source/timers.o
 .bss.xLastTime.6011
                0x0000000020003e5c        0x4 ./Source/timers.o
 .bss.xTimerQueue
                0x0000000020003e60        0x4 ./Source/timers.o
 .bss.xTimerTaskHandle
                0x0000000020003e64        0x4 ./Source/timers.o
 .bss.__malloc_free_list
                0x0000000020003e68        0x4 /usr/lib/gcc/arm-none-eabi/6.3.1/../../../../arm-none-eabi/lib/armv7e-m/softfp/libg_nano.a(lib_a-nano-mallocr.o)
                0x0000000020003e68                __malloc_free_list
 .bss.__malloc_sbrk_start
                0x0000000020003e6c        0x4 /usr/lib/gcc/arm-none-eabi/6.3.1/../../../../arm-none-eabi/lib/armv7e-m/softfp/libg_nano.a(lib_a-nano-mallocr.o)
                0x0000000020003e6c                __malloc_sbrk_start
 *(COMMON)
 COMMON         0x0000000020003e70        0x4 ./system/src/newlib/_syscalls.o
                0x0000000020003e70                errno
 COMMON         0x0000000020003e74       0x40 ./Source/queue.o
                0x0000000020003e74                xQueueRegistry
 *(.bss_end .bss_end.*)
 .bss_end       0x0000000020003eb4        0x4 ./system/src/newlib/_startup.o
                0x0000000020003eb8                . = ALIGN (0x4)
                0x0000000020003eb8                __bss_end__ = .
                0x0000000020003eb8                _ebss = .

.noinit_CCMRAM
 *(.noinit.CCMRAM .noinit.CCMRAM.*)

.noinit         0x0000000020003eb8        0x0
                0x0000000020003eb8                _noinit = .
 *(.noinit .noinit.*)
                0x0000000020003eb8                . = ALIGN (0x4)
                0x0000000020003eb8                _end_noinit = .
                [!provide]                        PROVIDE (end, _end_noinit)
                [!provide]                        PROVIDE (_end, _end_noinit)
                [!provide]                        PROVIDE (__end, _end_noinit)
                [!provide]                        PROVIDE (__end__, _end_noinit)

._check_stack   0x0000000020003eb8      0x100
                0x0000000020003fb8                . = (. + _Minimum_Stack_Size)
 *fill*         0x0000000020003eb8      0x100 

.b1text
 *(.b1text)
 *(.b1rodata)
 *(.b1rodata.*)

.eb0text
 *(.eb0text)
 *(.eb0rodata)
 *(.eb0rodata.*)

.eb1text
 *(.eb1text)
 *(.eb1rodata)
 *(.eb1rodata.*)

.eb2text
 *(.eb2text)
 *(.eb2rodata)
 *(.eb2rodata.*)

.eb3text
 *(.eb3text)
 *(.eb3rodata)
 *(.eb3rodata.*)

.stab
 *(.stab)

.stabstr
 *(.stabstr)

.stab.excl
 *(.stab.excl)

.stab.exclstr
 *(.stab.exclstr)

.stab.index
 *(.stab.index)

.stab.indexstr
 *(.stab.indexstr)

.comment        0x0000000000000000       0x26
 *(.comment)
 .comment       0x0000000000000000       0x26 ./system/src/newlib/_exit.o
                                         0x27 (size before relaxing)
 .comment       0x0000000000000026       0x27 ./system/src/newlib/_sbrk.o
 .comment       0x0000000000000026       0x27 ./system/src/newlib/_startup.o
 .comment       0x0000000000000026       0x27 ./system/src/newlib/_syscalls.o
 .comment       0x0000000000000026       0x27 ./system/src/diag/Trace.o
 .comment       0x0000000000000026       0x27 ./system/src/diag/trace_impl.o
 .comment       0x0000000000000026       0x27 ./system/src/cortexm/_initialize_hardware.o
 .comment       0x0000000000000026       0x27 ./system/src/cortexm/exception_handlers.o
 .comment       0x0000000000000026       0x27 ./system/src/cmsis/system_stm32f30x.o
 .comment       0x0000000000000026       0x27 ./system/src/cmsis/vectors_stm32f30x.o
 .comment       0x0000000000000026       0x27 ./src/main.o
 .comment       0x0000000000000026       0x27 ./Source/portable/MemMang/heap_1.o
 .comment       0x0000000000000026       0x27 ./Source/portable/GCC/ARM_CM4F/port.o
 .comment       0x0000000000000026       0x27 ./Source/list.o
 .comment       0x0000000000000026       0x27 ./Source/queue.o
 .comment       0x0000000000000026       0x27 ./Source/tasks.o
 .comment       0x0000000000000026       0x27 ./Source/timers.o

.ARM.attributes
                0x0000000000000000       0x35
 .ARM.attributes
                0x0000000000000000       0x37 ./system/src/newlib/_exit.o
 .ARM.attributes
                0x0000000000000037       0x37 ./system/src/newlib/_sbrk.o
 .ARM.attributes
                0x000000000000006e       0x37 ./system/src/newlib/_startup.o
 .ARM.attributes
                0x00000000000000a5       0x37 ./system/src/newlib/_syscalls.o
 .ARM.attributes
                0x00000000000000dc       0x37 ./system/src/diag/Trace.o
 .ARM.attributes
                0x0000000000000113       0x37 ./system/src/diag/trace_impl.o
 .ARM.attributes
                0x000000000000014a       0x37 ./system/src/cortexm/_initialize_hardware.o
 .ARM.attributes
                0x0000000000000181       0x37 ./system/src/cortexm/exception_handlers.o
 .ARM.attributes
                0x00000000000001b8       0x37 ./system/src/cmsis/system_stm32f30x.o
 .ARM.attributes
                0x00000000000001ef       0x37 ./system/src/cmsis/vectors_stm32f30x.o
 .ARM.attributes
                0x0000000000000226       0x37 ./src/main.o
 .ARM.attributes
                0x000000000000025d       0x37 ./Source/portable/MemMang/heap_1.o
 .ARM.attributes
                0x0000000000000294       0x37 ./Source/portable/GCC/ARM_CM4F/port.o
 .ARM.attributes
                0x00000000000002cb       0x37 ./Source/list.o
 .ARM.attributes
                0x0000000000000302       0x37 ./Source/queue.o
 .ARM.attributes
                0x0000000000000339       0x37 ./Source/tasks.o
 .ARM.attributes
                0x0000000000000370       0x37 ./Source/timers.o
 .ARM.attributes
                0x00000000000003a7       0x32 /usr/lib/gcc/arm-none-eabi/6.3.1/../../../../arm-none-eabi/lib/armv7e-m/softfp/libg_nano.a(lib_a-errno.o)
 .ARM.attributes
                0x00000000000003d9       0x32 /usr/lib/gcc/arm-none-eabi/6.3.1/../../../../arm-none-eabi/lib/armv7e-m/softfp/libg_nano.a(lib_a-impure.o)
 .ARM.attributes
                0x000000000000040b       0x32 /usr/lib/gcc/arm-none-eabi/6.3.1/../../../../arm-none-eabi/lib/armv7e-m/softfp/libg_nano.a(lib_a-memcpy-stub.o)
 .ARM.attributes
                0x000000000000043d       0x32 /usr/lib/gcc/arm-none-eabi/6.3.1/../../../../arm-none-eabi/lib/armv7e-m/softfp/libg_nano.a(lib_a-memset.o)
 .ARM.attributes
                0x000000000000046f       0x32 /usr/lib/gcc/arm-none-eabi/6.3.1/../../../../arm-none-eabi/lib/armv7e-m/softfp/libg_nano.a(lib_a-vsnprintf.o)
 .ARM.attributes
                0x00000000000004a1       0x32 /usr/lib/gcc/arm-none-eabi/6.3.1/../../../../arm-none-eabi/lib/armv7e-m/softfp/libg_nano.a(lib_a-nano-svfprintf.o)
 .ARM.attributes
                0x00000000000004d3       0x32 /usr/lib/gcc/arm-none-eabi/6.3.1/../../../../arm-none-eabi/lib/armv7e-m/softfp/libg_nano.a(lib_a-nano-vfprintf_i.o)
 .ARM.attributes
                0x0000000000000505       0x20 /usr/lib/gcc/arm-none-eabi/6.3.1/../../../../arm-none-eabi/lib/armv7e-m/softfp/libg_nano.a(lib_a-memchr.o)
 .ARM.attributes
                0x0000000000000525       0x32 /usr/lib/gcc/arm-none-eabi/6.3.1/../../../../arm-none-eabi/lib/armv7e-m/softfp/libg_nano.a(lib_a-memmove.o)
 .ARM.attributes
                0x0000000000000557       0x32 /usr/lib/gcc/arm-none-eabi/6.3.1/../../../../arm-none-eabi/lib/armv7e-m/softfp/libg_nano.a(lib_a-nano-freer.o)
 .ARM.attributes
                0x0000000000000589       0x32 /usr/lib/gcc/arm-none-eabi/6.3.1/../../../../arm-none-eabi/lib/armv7e-m/softfp/libg_nano.a(lib_a-nano-mallocr.o)
 .ARM.attributes
                0x00000000000005bb       0x32 /usr/lib/gcc/arm-none-eabi/6.3.1/../../../../arm-none-eabi/lib/armv7e-m/softfp/libg_nano.a(lib_a-nano-reallocr.o)
 .ARM.attributes
                0x00000000000005ed       0x32 /usr/lib/gcc/arm-none-eabi/6.3.1/../../../../arm-none-eabi/lib/armv7e-m/softfp/libg_nano.a(lib_a-sbrkr.o)
 .ARM.attributes
                0x000000000000061f       0x32 /usr/lib/gcc/arm-none-eabi/6.3.1/../../../../arm-none-eabi/lib/armv7e-m/softfp/libg_nano.a(lib_a-mlock.o)
 .ARM.attributes
                0x0000000000000651       0x32 /usr/lib/gcc/arm-none-eabi/6.3.1/../../../../arm-none-eabi/lib/armv7e-m/softfp/libg_nano.a(lib_a-nano-msizer.o)

.debug
 *(.debug)

.line
 *(.line)

.debug_srcinfo
 *(.debug_srcinfo)

.debug_sfnames
 *(.debug_sfnames)

.debug_aranges  0x0000000000000000      0x718
 *(.debug_aranges)
 .debug_aranges
                0x0000000000000000       0x28 ./system/src/newlib/_exit.o
 .debug_aranges
                0x0000000000000028       0x20 ./system/src/newlib/_sbrk.o
 .debug_aranges
                0x0000000000000048       0x40 ./system/src/newlib/_startup.o
 .debug_aranges
                0x0000000000000088       0x30 ./system/src/newlib/_syscalls.o
 .debug_aranges
                0x00000000000000b8       0x38 ./system/src/diag/Trace.o
 .debug_aranges
                0x00000000000000f0       0x30 ./system/src/diag/trace_impl.o
 .debug_aranges
                0x0000000000000120       0x28 ./system/src/cortexm/_initialize_hardware.o
 .debug_aranges
                0x0000000000000148       0x90 ./system/src/cortexm/exception_handlers.o
 .debug_aranges
                0x00000000000001d8       0x30 ./system/src/cmsis/system_stm32f30x.o
 .debug_aranges
                0x0000000000000208       0x20 ./system/src/cmsis/vectors_stm32f30x.o
 .debug_aranges
                0x0000000000000228       0x50 ./src/main.o
 .debug_aranges
                0x0000000000000278       0x38 ./Source/portable/MemMang/heap_1.o
 .debug_aranges
                0x00000000000002b0       0x80 ./Source/portable/GCC/ARM_CM4F/port.o
 .debug_aranges
                0x0000000000000330       0x40 ./Source/list.o
 .debug_aranges
                0x0000000000000370      0x118 ./Source/queue.o
 .debug_aranges
                0x0000000000000488      0x1d8 ./Source/tasks.o
 .debug_aranges
                0x0000000000000660       0xb8 ./Source/timers.o

.debug_pubnames
 *(.debug_pubnames)

.debug_info     0x0000000000000000     0xd9f0
 *(.debug_info .gnu.linkonce.wi.*)
 .debug_info    0x0000000000000000      0x952 ./system/src/newlib/_exit.o
 .debug_info    0x0000000000000952      0x93e ./system/src/newlib/_sbrk.o
 .debug_info    0x0000000000001290      0x4ca ./system/src/newlib/_startup.o
 .debug_info    0x000000000000175a      0xa15 ./system/src/newlib/_syscalls.o
 .debug_info    0x000000000000216f      0xb26 ./system/src/diag/Trace.o
 .debug_info    0x0000000000002c95      0x36d ./system/src/diag/trace_impl.o
 .debug_info    0x0000000000003002      0x2bc ./system/src/cortexm/_initialize_hardware.o
 .debug_info    0x00000000000032be     0x1155 ./system/src/cortexm/exception_handlers.o
 .debug_info    0x0000000000004413      0x4ac ./system/src/cmsis/system_stm32f30x.o
 .debug_info    0x00000000000048bf       0xd1 ./system/src/cmsis/vectors_stm32f30x.o
 .debug_info    0x0000000000004990      0xad7 ./src/main.o
 .debug_info    0x0000000000005467      0xa20 ./Source/portable/MemMang/heap_1.o
 .debug_info    0x0000000000005e87      0x51e ./Source/portable/GCC/ARM_CM4F/port.o
 .debug_info    0x00000000000063a5      0xabe ./Source/list.o
 .debug_info    0x0000000000006e63     0x2294 ./Source/queue.o
 .debug_info    0x00000000000090f7     0x3097 ./Source/tasks.o
 .debug_info    0x000000000000c18e     0x1862 ./Source/timers.o

.debug_abbrev   0x0000000000000000     0x25f0
 *(.debug_abbrev)
 .debug_abbrev  0x0000000000000000      0x1f3 ./system/src/newlib/_exit.o
 .debug_abbrev  0x00000000000001f3      0x1fc ./system/src/newlib/_sbrk.o
 .debug_abbrev  0x00000000000003ef      0x1c4 ./system/src/newlib/_startup.o
 .debug_abbrev  0x00000000000005b3      0x234 ./system/src/newlib/_syscalls.o
 .debug_abbrev  0x00000000000007e7      0x276 ./system/src/diag/Trace.o
 .debug_abbrev  0x0000000000000a5d      0x1e2 ./system/src/diag/trace_impl.o
 .debug_abbrev  0x0000000000000c3f       0xea ./system/src/cortexm/_initialize_hardware.o
 .debug_abbrev  0x0000000000000d29      0x329 ./system/src/cortexm/exception_handlers.o
 .debug_abbrev  0x0000000000001052      0x175 ./system/src/cmsis/system_stm32f30x.o
 .debug_abbrev  0x00000000000011c7       0x9d ./system/src/cmsis/vectors_stm32f30x.o
 .debug_abbrev  0x0000000000001264      0x267 ./src/main.o
 .debug_abbrev  0x00000000000014cb      0x2c5 ./Source/portable/MemMang/heap_1.o
 .debug_abbrev  0x0000000000001790      0x205 ./Source/portable/GCC/ARM_CM4F/port.o
 .debug_abbrev  0x0000000000001995      0x21c ./Source/list.o
 .debug_abbrev  0x0000000000001bb1      0x372 ./Source/queue.o
 .debug_abbrev  0x0000000000001f23      0x3de ./Source/tasks.o
 .debug_abbrev  0x0000000000002301      0x2ef ./Source/timers.o

.debug_line     0x0000000000000000     0x4c87
 *(.debug_line)
 .debug_line    0x0000000000000000      0x280 ./system/src/newlib/_exit.o
 .debug_line    0x0000000000000280      0x234 ./system/src/newlib/_sbrk.o
 .debug_line    0x00000000000004b4      0x2fc ./system/src/newlib/_startup.o
 .debug_line    0x00000000000007b0      0x318 ./system/src/newlib/_syscalls.o
 .debug_line    0x0000000000000ac8      0x2ee ./system/src/diag/Trace.o
 .debug_line    0x0000000000000db6      0x572 ./system/src/diag/trace_impl.o
 .debug_line    0x0000000000001328      0x34e ./system/src/cortexm/_initialize_hardware.o
 .debug_line    0x0000000000001676      0x628 ./system/src/cortexm/exception_handlers.o
 .debug_line    0x0000000000001c9e      0x398 ./system/src/cmsis/system_stm32f30x.o
 .debug_line    0x0000000000002036       0xcf ./system/src/cmsis/vectors_stm32f30x.o
 .debug_line    0x0000000000002105      0x485 ./src/main.o
 .debug_line    0x000000000000258a      0x36b ./Source/portable/MemMang/heap_1.o
 .debug_line    0x00000000000028f5      0x35a ./Source/portable/GCC/ARM_CM4F/port.o
 .debug_line    0x0000000000002c4f      0x36d ./Source/list.o
 .debug_line    0x0000000000002fbc      0x974 ./Source/queue.o
 .debug_line    0x0000000000003930      0xd9f ./Source/tasks.o
 .debug_line    0x00000000000046cf      0x5b8 ./Source/timers.o

.debug_frame    0x0000000000000000     0x14ec
 *(.debug_frame)
 .debug_frame   0x0000000000000000       0x38 ./system/src/newlib/_exit.o
 .debug_frame   0x0000000000000038       0x28 ./system/src/newlib/_sbrk.o
 .debug_frame   0x0000000000000060       0x7c ./system/src/newlib/_startup.o
 .debug_frame   0x00000000000000dc       0x50 ./system/src/newlib/_syscalls.o
 .debug_frame   0x000000000000012c       0x94 ./system/src/diag/Trace.o
 .debug_frame   0x00000000000001c0       0x64 ./system/src/diag/trace_impl.o
 .debug_frame   0x0000000000000224       0x40 ./system/src/cortexm/_initialize_hardware.o
 .debug_frame   0x0000000000000264      0x158 ./system/src/cortexm/exception_handlers.o
 .debug_frame   0x00000000000003bc       0x54 ./system/src/cmsis/system_stm32f30x.o
 .debug_frame   0x0000000000000410       0x20 ./system/src/cmsis/vectors_stm32f30x.o
 .debug_frame   0x0000000000000430       0xb0 ./src/main.o
 .debug_frame   0x00000000000004e0       0x5c ./Source/portable/MemMang/heap_1.o
 .debug_frame   0x000000000000053c       0xfc ./Source/portable/GCC/ARM_CM4F/port.o
 .debug_frame   0x0000000000000638       0x6c ./Source/list.o
 .debug_frame   0x00000000000006a4      0x368 ./Source/queue.o
 .debug_frame   0x0000000000000a0c      0x5c0 ./Source/tasks.o
 .debug_frame   0x0000000000000fcc      0x238 ./Source/timers.o
 .debug_frame   0x0000000000001204       0x20 /usr/lib/gcc/arm-none-eabi/6.3.1/../../../../arm-none-eabi/lib/armv7e-m/softfp/libg_nano.a(lib_a-errno.o)
 .debug_frame   0x0000000000001224       0x28 /usr/lib/gcc/arm-none-eabi/6.3.1/../../../../arm-none-eabi/lib/armv7e-m/softfp/libg_nano.a(lib_a-memcpy-stub.o)
 .debug_frame   0x000000000000124c       0x20 /usr/lib/gcc/arm-none-eabi/6.3.1/../../../../arm-none-eabi/lib/armv7e-m/softfp/libg_nano.a(lib_a-memset.o)
 .debug_frame   0x000000000000126c       0x4c /usr/lib/gcc/arm-none-eabi/6.3.1/../../../../arm-none-eabi/lib/armv7e-m/softfp/libg_nano.a(lib_a-vsnprintf.o)
 .debug_frame   0x00000000000012b8       0x90 /usr/lib/gcc/arm-none-eabi/6.3.1/../../../../arm-none-eabi/lib/armv7e-m/softfp/libg_nano.a(lib_a-nano-svfprintf.o)
 .debug_frame   0x0000000000001348       0x60 /usr/lib/gcc/arm-none-eabi/6.3.1/../../../../arm-none-eabi/lib/armv7e-m/softfp/libg_nano.a(lib_a-nano-vfprintf_i.o)
 .debug_frame   0x00000000000013a8       0x28 /usr/lib/gcc/arm-none-eabi/6.3.1/../../../../arm-none-eabi/lib/armv7e-m/softfp/libg_nano.a(lib_a-memmove.o)
 .debug_frame   0x00000000000013d0       0x38 /usr/lib/gcc/arm-none-eabi/6.3.1/../../../../arm-none-eabi/lib/armv7e-m/softfp/libg_nano.a(lib_a-nano-freer.o)
 .debug_frame   0x0000000000001408       0x2c /usr/lib/gcc/arm-none-eabi/6.3.1/../../../../arm-none-eabi/lib/armv7e-m/softfp/libg_nano.a(lib_a-nano-mallocr.o)
 .debug_frame   0x0000000000001434       0x3c /usr/lib/gcc/arm-none-eabi/6.3.1/../../../../arm-none-eabi/lib/armv7e-m/softfp/libg_nano.a(lib_a-nano-reallocr.o)
 .debug_frame   0x0000000000001470       0x2c /usr/lib/gcc/arm-none-eabi/6.3.1/../../../../arm-none-eabi/lib/armv7e-m/softfp/libg_nano.a(lib_a-sbrkr.o)
 .debug_frame   0x000000000000149c       0x30 /usr/lib/gcc/arm-none-eabi/6.3.1/../../../../arm-none-eabi/lib/armv7e-m/softfp/libg_nano.a(lib_a-mlock.o)
 .debug_frame   0x00000000000014cc       0x20 /usr/lib/gcc/arm-none-eabi/6.3.1/../../../../arm-none-eabi/lib/armv7e-m/softfp/libg_nano.a(lib_a-nano-msizer.o)

.debug_str      0x0000000000000000    0x61b60
 *(.debug_str)
 .debug_str     0x0000000000000000     0x7222 ./system/src/newlib/_exit.o
                                       0x73e7 (size before relaxing)
 .debug_str     0x0000000000007222      0x375 ./system/src/newlib/_sbrk.o
                                       0x6799 (size before relaxing)
 .debug_str     0x0000000000007597      0xc1a ./system/src/newlib/_startup.o
                                       0x5fbe (size before relaxing)
 .debug_str     0x00000000000081b1      0xe28 ./system/src/newlib/_syscalls.o
                                       0x7611 (size before relaxing)
 .debug_str     0x0000000000008fd9      0x890 ./system/src/diag/Trace.o
                                       0x7bc9 (size before relaxing)
 .debug_str     0x0000000000009869    0x5078e ./system/src/diag/trace_impl.o
                                      0x5749e (size before relaxing)
 .debug_str     0x0000000000059ff7       0xc4 ./system/src/cortexm/_initialize_hardware.o
                                      0x53567 (size before relaxing)
 .debug_str     0x000000000005a0bb      0x17b ./system/src/cortexm/exception_handlers.o
                                      0x58632 (size before relaxing)
 .debug_str     0x000000000005a236      0x10b ./system/src/cmsis/system_stm32f30x.o
                                      0x535f8 (size before relaxing)
 .debug_str     0x000000000005a341       0x57 ./system/src/cmsis/vectors_stm32f30x.o
                                       0x30d1 (size before relaxing)
 .debug_str     0x000000000005a398     0x4d40 ./src/main.o
                                       0xd290 (size before relaxing)
 .debug_str     0x000000000005f0d8      0x16e ./Source/portable/MemMang/heap_1.o
                                       0x99bc (size before relaxing)
 .debug_str     0x000000000005f246      0x826 ./Source/portable/GCC/ARM_CM4F/port.o
                                       0x71f4 (size before relaxing)
 .debug_str     0x000000000005fa6c      0x127 ./Source/list.o
                                       0x93c6 (size before relaxing)
 .debug_str     0x000000000005fb93      0x88b ./Source/queue.o
                                       0xab1a (size before relaxing)
 .debug_str     0x000000000006041e     0x134e ./Source/tasks.o
                                       0xb8a8 (size before relaxing)
 .debug_str     0x000000000006176c      0x3f4 ./Source/timers.o
                                       0xaf21 (size before relaxing)

.debug_loc      0x0000000000000000     0x40bb
 *(.debug_loc)
 .debug_loc     0x0000000000000000       0x85 ./system/src/newlib/_sbrk.o
 .debug_loc     0x0000000000000085      0x2d3 ./system/src/newlib/_startup.o
 .debug_loc     0x0000000000000358       0x63 ./system/src/newlib/_syscalls.o
 .debug_loc     0x00000000000003bb       0xf6 ./system/src/diag/Trace.o
 .debug_loc     0x00000000000004b1      0x121 ./system/src/diag/trace_impl.o
 .debug_loc     0x00000000000005d2      0x291 ./system/src/cortexm/exception_handlers.o
 .debug_loc     0x0000000000000863       0xff ./system/src/cmsis/system_stm32f30x.o
 .debug_loc     0x0000000000000962       0x63 ./src/main.o
 .debug_loc     0x00000000000009c5       0x5f ./Source/portable/MemMang/heap_1.o
 .debug_loc     0x0000000000000a24      0x104 ./Source/portable/GCC/ARM_CM4F/port.o
 .debug_loc     0x0000000000000b28       0x70 ./Source/list.o
 .debug_loc     0x0000000000000b98     0x1076 ./Source/queue.o
 .debug_loc     0x0000000000001c0e     0x1b2d ./Source/tasks.o
 .debug_loc     0x000000000000373b      0x980 ./Source/timers.o

.debug_macinfo
 *(.debug_macinfo)

.debug_weaknames
 *(.debug_weaknames)

.debug_funcnames
 *(.debug_funcnames)

.debug_typenames
 *(.debug_typenames)

.debug_varnames
 *(.debug_varnames)
OUTPUT(STM32-freeRTOS.elf elf32-littlearm)

.debug_ranges   0x0000000000000000      0x860
 .debug_ranges  0x0000000000000000       0x18 ./system/src/newlib/_exit.o
 .debug_ranges  0x0000000000000018       0x10 ./system/src/newlib/_sbrk.o
 .debug_ranges  0x0000000000000028       0x90 ./system/src/newlib/_startup.o
 .debug_ranges  0x00000000000000b8       0x20 ./system/src/newlib/_syscalls.o
 .debug_ranges  0x00000000000000d8       0x28 ./system/src/diag/Trace.o
 .debug_ranges  0x0000000000000100       0x38 ./system/src/diag/trace_impl.o
 .debug_ranges  0x0000000000000138       0x18 ./system/src/cortexm/_initialize_hardware.o
 .debug_ranges  0x0000000000000150       0x80 ./system/src/cortexm/exception_handlers.o
 .debug_ranges  0x00000000000001d0       0x20 ./system/src/cmsis/system_stm32f30x.o
 .debug_ranges  0x00000000000001f0       0x10 ./system/src/cmsis/vectors_stm32f30x.o
 .debug_ranges  0x0000000000000200       0x40 ./src/main.o
 .debug_ranges  0x0000000000000240       0x28 ./Source/portable/MemMang/heap_1.o
 .debug_ranges  0x0000000000000268       0x88 ./Source/portable/GCC/ARM_CM4F/port.o
 .debug_ranges  0x00000000000002f0       0x30 ./Source/list.o
 .debug_ranges  0x0000000000000320      0x1b8 ./Source/queue.o
 .debug_ranges  0x00000000000004d8      0x2e0 ./Source/tasks.o
 .debug_ranges  0x00000000000007b8       0xa8 ./Source/timers.o

.debug_macro    0x0000000000000000     0x455d
 .debug_macro   0x0000000000000000      0x1a7 ./system/src/newlib/_exit.o
 .debug_macro   0x00000000000001a7       0x9c ./system/src/newlib/_exit.o
 .debug_macro   0x0000000000000243      0x10e ./system/src/newlib/_exit.o
 .debug_macro   0x0000000000000351       0x8d ./system/src/newlib/_exit.o
 .debug_macro   0x00000000000003de       0x43 ./system/src/newlib/_exit.o
 .debug_macro   0x0000000000000421      0x330 ./system/src/newlib/_exit.o
 .debug_macro   0x0000000000000751       0x35 ./system/src/newlib/_exit.o
 .debug_macro   0x0000000000000786      0x15c ./system/src/newlib/_sbrk.o
 .debug_macro   0x00000000000008e2      0x174 ./system/src/newlib/_sbrk.o
 .debug_macro   0x0000000000000a56       0x10 ./system/src/newlib/_sbrk.o
 .debug_macro   0x0000000000000a66      0x23b ./system/src/newlib/_sbrk.o
 .debug_macro   0x0000000000000ca1      0x166 ./system/src/newlib/_startup.o
 .debug_macro   0x0000000000000e07      0x8c8 ./system/src/newlib/_startup.o
 .debug_macro   0x00000000000016cf      0x20a ./system/src/newlib/_syscalls.o
 .debug_macro   0x00000000000018d9       0x1c ./system/src/newlib/_syscalls.o
 .debug_macro   0x00000000000018f5       0x10 ./system/src/newlib/_syscalls.o
 .debug_macro   0x0000000000001905       0x10 ./system/src/newlib/_syscalls.o
 .debug_macro   0x0000000000001915       0x10 ./system/src/newlib/_syscalls.o
 .debug_macro   0x0000000000001925       0x35 ./system/src/newlib/_syscalls.o
 .debug_macro   0x000000000000195a      0x122 ./system/src/newlib/_syscalls.o
 .debug_macro   0x0000000000001a7c       0x88 ./system/src/newlib/_syscalls.o
 .debug_macro   0x0000000000001b04       0x2b ./system/src/newlib/_syscalls.o
 .debug_macro   0x0000000000001b2f      0x118 ./system/src/newlib/_syscalls.o
 .debug_macro   0x0000000000001c47      0x159 ./system/src/newlib/_syscalls.o
 .debug_macro   0x0000000000001da0       0x16 ./system/src/newlib/_syscalls.o
 .debug_macro   0x0000000000001db6      0x1e4 ./system/src/diag/Trace.o
 .debug_macro   0x0000000000001f9a       0x16 ./system/src/diag/Trace.o
 .debug_macro   0x0000000000001fb0       0x97 ./system/src/diag/Trace.o
 .debug_macro   0x0000000000002047       0xfd ./system/src/diag/Trace.o
 .debug_macro   0x0000000000002144       0x10 ./system/src/diag/Trace.o
 .debug_macro   0x0000000000002154       0x16 ./system/src/diag/Trace.o
 .debug_macro   0x000000000000216a      0x18b ./system/src/diag/Trace.o
 .debug_macro   0x00000000000022f5       0x4c ./system/src/diag/Trace.o
 .debug_macro   0x0000000000002341       0x16 ./system/src/diag/Trace.o
 .debug_macro   0x0000000000002357      0x2ce ./system/src/diag/trace_impl.o
 .debug_macro   0x0000000000002625       0x10 ./system/src/diag/trace_impl.o
 .debug_macro   0x0000000000002635       0xcf ./system/src/diag/trace_impl.o
 .debug_macro   0x0000000000002704       0xbe ./system/src/diag/trace_impl.o
 .debug_macro   0x00000000000027c2       0x22 ./system/src/diag/trace_impl.o
 .debug_macro   0x00000000000027e4      0x16c ./system/src/cortexm/_initialize_hardware.o
 .debug_macro   0x0000000000002950      0x30e ./system/src/cortexm/exception_handlers.o
 .debug_macro   0x0000000000002c5e       0x3b ./system/src/cortexm/exception_handlers.o
 .debug_macro   0x0000000000002c99       0x10 ./system/src/cortexm/exception_handlers.o
 .debug_macro   0x0000000000002ca9      0x168 ./system/src/cmsis/system_stm32f30x.o
 .debug_macro   0x0000000000002e11       0x34 ./system/src/cmsis/vectors_stm32f30x.o
 .debug_macro   0x0000000000002e45      0x299 ./src/main.o
 .debug_macro   0x00000000000030de      0x113 ./src/main.o
 .debug_macro   0x00000000000031f1      0x168 ./src/main.o
 .debug_macro   0x0000000000003359       0xeb ./src/main.o
 .debug_macro   0x0000000000003444       0x10 ./src/main.o
 .debug_macro   0x0000000000003454       0x1f ./src/main.o
 .debug_macro   0x0000000000003473      0x3e5 ./src/main.o
 .debug_macro   0x0000000000003858       0xc0 ./src/main.o
 .debug_macro   0x0000000000003918       0x8c ./src/main.o
 .debug_macro   0x00000000000039a4       0x91 ./src/main.o
 .debug_macro   0x0000000000003a35       0x94 ./src/main.o
 .debug_macro   0x0000000000003ac9       0x78 ./src/main.o
 .debug_macro   0x0000000000003b41      0x185 ./Source/portable/MemMang/heap_1.o
 .debug_macro   0x0000000000003cc6      0x15f ./Source/portable/GCC/ARM_CM4F/port.o
 .debug_macro   0x0000000000003e25      0x164 ./Source/list.o
 .debug_macro   0x0000000000003f89      0x1e0 ./Source/queue.o
 .debug_macro   0x0000000000004169      0x243 ./Source/tasks.o
 .debug_macro   0x00000000000043ac       0x10 ./Source/tasks.o
 .debug_macro   0x00000000000043bc      0x1a1 ./Source/timers.o
